Total messages: 31 (Errors: 1, Warnings: 0)

[ERROR] Failed to load resource: net::ERR_NAME_NOT_RESOLVED @ https://via.placeholder.com/1200x800:0
[LOG] [BSQ Server] ????癒?봄 API 筌뤴뫀諭???뽮쉐: https://b-square-web.pages.dev @ https://b-square-web.pages.dev/bsq_server.js:261
[LOG] [BSQ API] GET https://b-square-web.pages.dev/api/auth/session?t=1774225337371 @ https://b-square-web.pages.dev/bsq_server.js:71
[LOG] [BSQ Server] ??嚥≪뮄????類ㅼ뵥: ej210651392@gmail.com @ https://b-square-web.pages.dev/bsq_server.js:191
[LOG] [BSQ Server] ????뺤쒔 ?怨뚭퍙 ?λ뜃由???袁⑥┷ (D1 API 筌뤴뫀諭? {loggedIn: true, userId: user_b7a935e26112} @ https://b-square-web.pages.dev/bsq_server.js:274
[LOG] 🔑 로그인 확인 — userId: user_b7a935e26112 @ https://b-square-web.pages.dev/class_view/class_view.js:82
[LOG] [BSQ API] GET https://b-square-web.pages.dev/api/classes/cls_89494c0bf9254d1e?t=1774225337658 @ https://b-square-web.pages.dev/bsq_server.js:71
[LOG] 👨‍🏫 강사 판별: {userId: user_b7a935e26112, instructor_id: user_b7a935e26112, isInstructor: true, devMode: false} @ https://b-square-web.pages.dev/class_view/class_view.js:125
[LOG] 📖 Intro Module Initializing... @ https://b-square-web.pages.dev/class_view/view_intro.js:3
[LOG] 📚 Curriculum Module Initializing... @ https://b-square-web.pages.dev/class_view/view_curriculum.js:3
[LOG] [BSQ API] GET https://b-square-web.pages.dev/api/enrollments?user_id=user_b7a935e26112&class_id=cls_89494c0bf9254d1e&t=1774225338189 @ https://b-square-web.pages.dev/bsq_server.js:71
[LOG] [BSQ API] GET https://b-square-web.pages.dev/api/user-passes?user_id=user_b7a935e26112&t=1774225338566 @ https://b-square-web.pages.dev/bsq_server.js:71
[LOG] 🔑 권한 상태: {isEnrolled: true, isInstructor: true, hasAccess: true} @ https://b-square-web.pages.dev/class_view/class_view.js:163
[LOG] ⭐ Reviews Module Initializing (D1)... | Access: true | Instructor: true @ https://b-square-web.pages.dev/class_view/view_reviews.js:3
[LOG] [BSQ API] GET https://b-square-web.pages.dev/api/reviews?class_id=cls_89494c0bf9254d1e&t=1774225338604 @ https://b-square-web.pages.dev/bsq_server.js:71
[LOG] 📢 initNotice called for class (D1 API): cls_89494c0bf9254d1e @ https://b-square-web.pages.dev/class_view/view_notice.js:4
[LOG] [BSQ API] GET https://b-square-web.pages.dev/api/class-notices?class_id=cls_89494c0bf9254d1e&t=1774225338605 @ https://b-square-web.pages.dev/bsq_server.js:71
[LOG] [BSQ API] GET https://b-square-web.pages.dev/api/chat?class_id=cls_89494c0bf9254d1e&pinned_only=true&t=1774225338605 @ https://b-square-web.pages.dev/bsq_server.js:71
[LOG] [BSQ API] GET https://b-square-web.pages.dev/api/chat?class_id=cls_89494c0bf9254d1e&limit=50&t=1774225338606 @ https://b-square-web.pages.dev/bsq_server.js:71
[LOG] ✏️ Edit Module Initializing... | ClassId: cls_89494c0bf9254d1e @ https://b-square-web.pages.dev/class_view/view_edit.js:4
[LOG] [BSQ API] GET https://b-square-web.pages.dev/api/gatherings?action=detail&gathering_id=gather_f0e1f8528bb64f91&t=1774225339360 @ https://b-square-web.pages.dev/bsq_server.js:71
[LOG] [BSQ API] GET https://b-square-web.pages.dev/api/gatherings?action=detail&gathering_id=gather_c1a53ef4fdc84342&t=1774225339361 @ https://b-square-web.pages.dev/bsq_server.js:71
[LOG] [BSQ API] GET https://b-square-web.pages.dev/api/chat?class_id=cls_89494c0bf9254d1e&limit=20&after=msg_b321ef508e5d4a4b&t=1774225341365 @ https://b-square-web.pages.dev/bsq_server.js:71
[LOG] [BSQ API] GET https://b-square-web.pages.dev/api/chat?class_id=cls_89494c0bf9254d1e&limit=20&after=msg_b321ef508e5d4a4b&t=1774225343369 @ https://b-square-web.pages.dev/bsq_server.js:71
[LOG] [BSQ API] GET https://b-square-web.pages.dev/api/chat?class_id=cls_89494c0bf9254d1e&limit=20&after=msg_b321ef508e5d4a4b&t=1774225345364 @ https://b-square-web.pages.dev/bsq_server.js:71
[LOG] [BSQ API] GET https://b-square-web.pages.dev/api/chat?class_id=cls_89494c0bf9254d1e&limit=20&after=msg_b321ef508e5d4a4b&t=1774225347372 @ https://b-square-web.pages.dev/bsq_server.js:71
[LOG] [BSQ API] GET https://b-square-web.pages.dev/api/chat?class_id=cls_89494c0bf9254d1e&limit=20&after=msg_b321ef508e5d4a4b&t=1774225349368 @ https://b-square-web.pages.dev/bsq_server.js:71
[LOG] [BSQ API] GET https://b-square-web.pages.dev/api/chat?class_id=cls_89494c0bf9254d1e&limit=20&after=msg_b321ef508e5d4a4b&t=1774225351363 @ https://b-square-web.pages.dev/bsq_server.js:71
[LOG] [BSQ API] GET https://b-square-web.pages.dev/api/chat?class_id=cls_89494c0bf9254d1e&limit=20&after=msg_b321ef508e5d4a4b&t=1774225353376 @ https://b-square-web.pages.dev/bsq_server.js:71
[LOG] [BSQ API] GET https://b-square-web.pages.dev/api/chat?class_id=cls_89494c0bf9254d1e&limit=20&after=msg_b321ef508e5d4a4b&t=1774225355362 @ https://b-square-web.pages.dev/bsq_server.js:71
[LOG] [BSQ API] GET https://b-square-web.pages.dev/api/chat?class_id=cls_89494c0bf9254d1e&limit=20&after=msg_b321ef508e5d4a4b&t=1774225357363 @ https://b-square-web.pages.dev/bsq_server.js:71