[GET] https://b-square-web.pages.dev/bsnnnnnnnnnnnnnnnnnn/style_pc.css
[GET] https://b-square-web.pages.dev/class_view/class_view.css
[GET] https://b-square-web.pages.dev/community/community.css
[GET] https://b-square-web.pages.dev/class_view/view_chat.css
[GET] https://b-square-web.pages.dev/class_view/payment_toast.css
[GET] https://cdnjs.cloudflare.com/ajax/libs/font-awesome/6.0.0/css/all.min.css
[GET] https://cdn.quilljs.com/1.3.7/quill.snow.css
[GET] https://cdn.quilljs.com/1.3.7/quill.min.js
[GET] https://cdn.iamport.kr/v1/iamport.js
[GET] https://b-square-web.pages.dev/bsq_server.js
[GET] https://via.placeholder.com/1200x800
[GET] https://b-square-web.pages.dev/community/sync_bridge.js
[GET] https://b-square-web.pages.dev/community/dm_private.js
[GET] https://b-square-web.pages.dev/community/chat_ui.js
[GET] https://b-square-web.pages.dev/class_view/view_intro.js
[GET] https://b-square-web.pages.dev/class_view/view_curriculum.js
[GET] https://b-square-web.pages.dev/class_view/view_reviews.js
[GET] https://b-square-web.pages.dev/class_view/simple_class_chat.js
[GET] https://b-square-web.pages.dev/class_view/view_edit.js
[GET] https://b-square-web.pages.dev/class_view/view_notice.js
[GET] https://b-square-web.pages.dev/class_view/class_view.js
[GET] https://b-square-web.pages.dev/bsnnnnnnnnnnnnnnnnnn/header.js
[GET] https://b-square-web.pages.dev/dev_mode.js
[GET] https://b-square-web.pages.dev/bsnnnnnnnnnnnnnnnnnn/style_mobile.css