[debug] [2026-03-08T02:24:35.675Z] [Firebase Plugin] Activating Firebase extension.
[debug] [2026-03-08T02:24:37.395Z] [Firebase Plugin] requireAuthWrapper
[debug] [2026-03-08T02:24:37.397Z] > command requires scopes: ["email","openid","https://www.googleapis.com/auth/cloudplatformprojects.readonly","https://www.googleapis.com/auth/firebase","https://www.googleapis.com/auth/cloud-platform"]
[debug] [2026-03-08T02:24:37.423Z] [Firebase Plugin] VSCode notification server listening on port 40001
[error] [Firebase Plugin] requireAuth error: Could not load the default credentials. Browse to https://cloud.google.com/docs/authentication/getting-started for more information.
[info] [Firebase Plugin] Starting Data Connect toolkit (version 3.2.1) on port 50001
[info] i  dataconnect: downloading dataconnect-emulator-3.2.1.exe... {"metadata":{"emulator":{"name":"dataconnect"},"message":"downloading dataconnect-emulator-3.2.1.exe..."}}
[debug] [2026-03-08T02:24:37.709Z] >>> [apiv2][query] GET https://storage.googleapis.com/firemat-preview-drop/emulator/dataconnect-emulator-windows-amd64-v3.2.1 
[debug] [2026-03-08T02:24:38.011Z] <<< [apiv2][status] GET https://storage.googleapis.com/firemat-preview-drop/emulator/dataconnect-emulator-windows-amd64-v3.2.1 200
[debug] [2026-03-08T02:24:38.011Z] <<< [apiv2][body] GET https://storage.googleapis.com/firemat-preview-drop/emulator/dataconnect-emulator-windows-amd64-v3.2.1 [stream]
[debug] [2026-03-08T02:24:39.955Z] 'fdc build' failed with error: Unable to build your Data Connect schema and connectors (exit code 1): E0308 11:24:39.893511   42556 cmd.go:43] Error loading data connect config: could not find dataconnect.yaml in `c:\Users\po356\Desktop\B-Square\사이트\개발\B-Square_n\dataconnect`
 {"metadata":{"emulator":{"name":"dataconnect"},"message":"'fdc build' failed with error: Unable to build your Data Connect schema and connectors (exit code 1): E0308 11:24:39.893511   42556 cmd.go:43] Error loading data connect config: could not find dataconnect.yaml in `c:\\Users\\po356\\Desktop\\B-Square\\사이트\\개발\\B-Square_n\\dataconnect`\n"}}
[debug] [2026-03-08T02:24:39.957Z] Ignoring unsupported arg: auto_download {"metadata":{"emulator":{"name":"dataconnect"},"message":"Ignoring unsupported arg: auto_download"}}
[debug] [2026-03-08T02:24:39.957Z] Ignoring unsupported arg: port {"metadata":{"emulator":{"name":"dataconnect"},"message":"Ignoring unsupported arg: port"}}
[debug] [2026-03-08T02:24:39.957Z] Starting Data Connect Emulator with command {"binary":"C:\\Users\\po356\\.cache\\firebase\\emulators\\dataconnect-emulator-3.2.1.exe","args":["--logtostderr","-v=2","dev","--listen=localhost:50001","--config_dir=c:\\Users\\po356\\Desktop\\B-Square\\사이트\\개발\\B-Square_n\\dataconnect","--enable_output_schema_extensions=true","--enable_output_generated_sdk=true"],"optionalArgs":["listen","config_dir","enable_output_schema_extensions","enable_output_generated_sdk"],"joinArgs":true,"shell":false,"port":9399} {"metadata":{"emulator":{"name":"dataconnect"},"message":"Starting Data Connect Emulator with command {\"binary\":\"C:\\\\Users\\\\po356\\\\.cache\\\\firebase\\\\emulators\\\\dataconnect-emulator-3.2.1.exe\",\"args\":[\"--logtostderr\",\"-v=2\",\"dev\",\"--listen=localhost:50001\",\"--config_dir=c:\\\\Users\\\\po356\\\\Desktop\\\\B-Square\\\\사이트\\\\개발\\\\B-Square_n\\\\dataconnect\",\"--enable_output_schema_extensions=true\",\"--enable_output_generated_sdk=true\"],\"optionalArgs\":[\"listen\",\"config_dir\",\"enable_output_schema_extensions\",\"enable_output_generated_sdk\"],\"joinArgs\":true,\"shell\":false,\"port\":9399}"}}
[info] i  dataconnect: Data Connect Emulator logging to dataconnect-debug.log {"metadata":{"emulator":{"name":"dataconnect"},"message":"Data Connect Emulator logging to \u001b[1mdataconnect-debug.log\u001b[22m"}}
[debug] [2026-03-08T02:24:40.078Z] E0308 11:24:40.011052   33324 dev.go:83] Failed to load initial config from "c:\\Users\\po356\\Desktop\\B-Square\\사이트\\개발\\B-Square_n\\dataconnect": could not find dataconnect.yaml in `c:\Users\po356\Desktop\B-Square\사이트\개발\B-Square_n\dataconnect`
 {"metadata":{"emulator":{"name":"dataconnect"},"message":"E0308 11:24:40.011052   33324 dev.go:83] Failed to load initial config from \"c:\\\\Users\\\\po356\\\\Desktop\\\\B-Square\\\\사이트\\\\개발\\\\B-Square_n\\\\dataconnect\": could not find dataconnect.yaml in `c:\\Users\\po356\\Desktop\\B-Square\\사이트\\개발\\B-Square_n\\dataconnect`\n"}}
[debug] [2026-03-08T02:24:40.079Z] E0308 11:24:40.079240   33324 watch.go:116] watchAllDir unable to walk dir `c:\Users\po356\Desktop\B-Square\사이트\개발\B-Square_n\dataconnect`: CreateFile c:\Users\po356\Desktop\B-Square\사이트\개발\B-Square_n\dataconnect: The system cannot find the file specified.
 {"metadata":{"emulator":{"name":"dataconnect"},"message":"E0308 11:24:40.079240   33324 watch.go:116] watchAllDir unable to walk dir `c:\\Users\\po356\\Desktop\\B-Square\\사이트\\개발\\B-Square_n\\dataconnect`: CreateFile c:\\Users\\po356\\Desktop\\B-Square\\사이트\\개발\\B-Square_n\\dataconnect: The system cannot find the file specified.\n"}}
[debug] [2026-03-08T02:24:40.100Z] I0308 11:24:40.100464   33324 dev.go:104] Listening on address (HTTP + gRPC): 127.0.0.1:50001
 {"metadata":{"emulator":{"name":"dataconnect"},"message":"I0308 11:24:40.100464   33324 dev.go:104] Listening on address (HTTP + gRPC): 127.0.0.1:50001\n"}}
[error] [Firebase Plugin] error:  {}
[debug] [2026-03-08T02:24:50.080Z] E0308 11:24:50.080290   33324 watch.go:40] Failed to load config from "c:\\Users\\po356\\Desktop\\B-Square\\사이트\\개발\\B-Square_n\\dataconnect": could not find dataconnect.yaml in `c:\Users\po356\Desktop\B-Square\사이트\개발\B-Square_n\dataconnect`
 {"metadata":{"emulator":{"name":"dataconnect"},"message":"E0308 11:24:50.080290   33324 watch.go:40] Failed to load config from \"c:\\\\Users\\\\po356\\\\Desktop\\\\B-Square\\\\사이트\\\\개발\\\\B-Square_n\\\\dataconnect\": could not find dataconnect.yaml in `c:\\Users\\po356\\Desktop\\B-Square\\사이트\\개발\\B-Square_n\\dataconnect`\n"}}
[debug] [2026-03-08T02:25:00.080Z] E0308 11:25:00.080600   33324 watch.go:40] Failed to load config from "c:\\Users\\po356\\Desktop\\B-Square\\사이트\\개발\\B-Square_n\\dataconnect": could not find dataconnect.yaml in `c:\Users\po356\Desktop\B-Square\사이트\개발\B-Square_n\dataconnect`
 {"metadata":{"emulator":{"name":"dataconnect"},"message":"E0308 11:25:00.080600   33324 watch.go:40] Failed to load config from \"c:\\\\Users\\\\po356\\\\Desktop\\\\B-Square\\\\사이트\\\\개발\\\\B-Square_n\\\\dataconnect\": could not find dataconnect.yaml in `c:\\Users\\po356\\Desktop\\B-Square\\사이트\\개발\\B-Square_n\\dataconnect`\n"}}
[debug] [2026-03-08T02:25:10.080Z] E0308 11:25:10.081162   33324 watch.go:40] Failed to load config from "c:\\Users\\po356\\Desktop\\B-Square\\사이트\\개발\\B-Square_n\\dataconnect": could not find dataconnect.yaml in `c:\Users\po356\Desktop\B-Square\사이트\개발\B-Square_n\dataconnect`
 {"metadata":{"emulator":{"name":"dataconnect"},"message":"E0308 11:25:10.081162   33324 watch.go:40] Failed to load config from \"c:\\\\Users\\\\po356\\\\Desktop\\\\B-Square\\\\사이트\\\\개발\\\\B-Square_n\\\\dataconnect\": could not find dataconnect.yaml in `c:\\Users\\po356\\Desktop\\B-Square\\사이트\\개발\\B-Square_n\\dataconnect`\n"}}
[debug] [2026-03-08T02:25:16.676Z] [Firebase Plugin] Value of process.env.MONOSPACE_ENV: undefined
[debug] [2026-03-08T02:25:16.678Z] [Firebase Plugin] requireAuthWrapper
[debug] [2026-03-08T02:25:16.681Z] > command requires scopes: ["email","openid","https://www.googleapis.com/auth/cloudplatformprojects.readonly","https://www.googleapis.com/auth/firebase","https://www.googleapis.com/auth/cloud-platform"]
[error] [Firebase Plugin] requireAuth error: Could not load the default credentials. Browse to https://cloud.google.com/docs/authentication/getting-started for more information.
[debug] [2026-03-08T02:25:16.685Z] [Firebase Plugin] Value of process.env.MONOSPACE_ENV: undefined
[debug] [2026-03-08T02:25:16.685Z] [Firebase Plugin] requireAuthWrapper
[debug] [2026-03-08T02:25:16.689Z] > command requires scopes: ["email","openid","https://www.googleapis.com/auth/cloudplatformprojects.readonly","https://www.googleapis.com/auth/firebase","https://www.googleapis.com/auth/cloud-platform"]
[error] [Firebase Plugin] requireAuth error: Could not load the default credentials. Browse to https://cloud.google.com/docs/authentication/getting-started for more information.
[info] 
[info] Visit this URL on this device to log in:
[info] https://accounts.google.com/o/oauth2/auth?client_id=563584335869-fgrhgmd47bqnekij5i8b5pr03ho849e6.apps.googleusercontent.com&scope=email%20openid%20https%3A%2F%2Fwww.googleapis.com%2Fauth%2Fcloudplatformprojects.readonly%20https%3A%2F%2Fwww.googleapis.com%2Fauth%2Ffirebase%20https%3A%2F%2Fwww.googleapis.com%2Fauth%2Fcloud-platform&response_type=code&state=761724927&redirect_uri=http%3A%2F%2Flocalhost%3A9005
[info] 
[info] Waiting for authentication...
[debug] [2026-03-08T02:25:20.081Z] E0308 11:25:20.080820   33324 watch.go:40] Failed to load config from "c:\\Users\\po356\\Desktop\\B-Square\\사이트\\개발\\B-Square_n\\dataconnect": could not find dataconnect.yaml in `c:\Users\po356\Desktop\B-Square\사이트\개발\B-Square_n\dataconnect`
 {"metadata":{"emulator":{"name":"dataconnect"},"message":"E0308 11:25:20.080820   33324 watch.go:40] Failed to load config from \"c:\\\\Users\\\\po356\\\\Desktop\\\\B-Square\\\\사이트\\\\개발\\\\B-Square_n\\\\dataconnect\": could not find dataconnect.yaml in `c:\\Users\\po356\\Desktop\\B-Square\\사이트\\개발\\B-Square_n\\dataconnect`\n"}}
[debug] [2026-03-08T02:25:27.862Z] >>> [apiv2][query] POST https://accounts.google.com/o/oauth2/token [none]
[debug] [2026-03-08T02:25:27.863Z] >>> [apiv2][body] POST https://accounts.google.com/o/oauth2/token [omitted]
[debug] [2026-03-08T02:25:28.226Z] <<< [apiv2][status] POST https://accounts.google.com/o/oauth2/token 200
[debug] [2026-03-08T02:25:28.226Z] <<< [apiv2][body] POST https://accounts.google.com/o/oauth2/token [omitted]
[info] [Firebase Plugin] (Core:Project) New user detected, fetching projects
[debug] [2026-03-08T02:25:28.265Z] Checked if tokens are valid: true, expires at: 1772940327227
[debug] [2026-03-08T02:25:28.265Z] Checked if tokens are valid: true, expires at: 1772940327227
[debug] [2026-03-08T02:25:28.266Z] >>> [apiv2][query] GET https://firebase.googleapis.com/v1beta1/projects pageSize=1000
[debug] [2026-03-08T02:25:29.010Z] <<< [apiv2][status] GET https://firebase.googleapis.com/v1beta1/projects 200
[debug] [2026-03-08T02:25:29.011Z] <<< [apiv2][body] GET https://firebase.googleapis.com/v1beta1/projects [omitted]
[debug] [2026-03-08T02:25:30.080Z] E0308 11:25:30.080545   33324 watch.go:40] Failed to load config from "c:\\Users\\po356\\Desktop\\B-Square\\사이트\\개발\\B-Square_n\\dataconnect": could not find dataconnect.yaml in `c:\Users\po356\Desktop\B-Square\사이트\개발\B-Square_n\dataconnect`
 {"metadata":{"emulator":{"name":"dataconnect"},"message":"E0308 11:25:30.080545   33324 watch.go:40] Failed to load config from \"c:\\\\Users\\\\po356\\\\Desktop\\\\B-Square\\\\사이트\\\\개발\\\\B-Square_n\\\\dataconnect\": could not find dataconnect.yaml in `c:\\Users\\po356\\Desktop\\B-Square\\사이트\\개발\\B-Square_n\\dataconnect`\n"}}
[debug] [2026-03-08T02:25:40.080Z] E0308 11:25:40.079961   33324 watch.go:116] watchAllDir unable to walk dir `c:\Users\po356\Desktop\B-Square\사이트\개발\B-Square_n\dataconnect`: CreateFile c:\Users\po356\Desktop\B-Square\사이트\개발\B-Square_n\dataconnect: The system cannot find the file specified.
 {"metadata":{"emulator":{"name":"dataconnect"},"message":"E0308 11:25:40.079961   33324 watch.go:116] watchAllDir unable to walk dir `c:\\Users\\po356\\Desktop\\B-Square\\사이트\\개발\\B-Square_n\\dataconnect`: CreateFile c:\\Users\\po356\\Desktop\\B-Square\\사이트\\개발\\B-Square_n\\dataconnect: The system cannot find the file specified.\n"}}
[debug] [2026-03-08T02:25:40.080Z] E0308 11:25:40.080983   33324 watch.go:40] Failed to load config from "c:\\Users\\po356\\Desktop\\B-Square\\사이트\\개발\\B-Square_n\\dataconnect": could not find dataconnect.yaml in `c:\Users\po356\Desktop\B-Square\사이트\개발\B-Square_n\dataconnect`
 {"metadata":{"emulator":{"name":"dataconnect"},"message":"E0308 11:25:40.080983   33324 watch.go:40] Failed to load config from \"c:\\\\Users\\\\po356\\\\Desktop\\\\B-Square\\\\사이트\\\\개발\\\\B-Square_n\\\\dataconnect\": could not find dataconnect.yaml in `c:\\Users\\po356\\Desktop\\B-Square\\사이트\\개발\\B-Square_n\\dataconnect`\n"}}
[debug] [2026-03-08T02:25:50.080Z] E0308 11:25:50.080768   33324 watch.go:40] Failed to load config from "c:\\Users\\po356\\Desktop\\B-Square\\사이트\\개발\\B-Square_n\\dataconnect": could not find dataconnect.yaml in `c:\Users\po356\Desktop\B-Square\사이트\개발\B-Square_n\dataconnect`
 {"metadata":{"emulator":{"name":"dataconnect"},"message":"E0308 11:25:50.080768   33324 watch.go:40] Failed to load config from \"c:\\\\Users\\\\po356\\\\Desktop\\\\B-Square\\\\사이트\\\\개발\\\\B-Square_n\\\\dataconnect\": could not find dataconnect.yaml in `c:\\Users\\po356\\Desktop\\B-Square\\사이트\\개발\\B-Square_n\\dataconnect`\n"}}
[debug] [2026-03-08T02:26:00.080Z] E0308 11:26:00.080863   33324 watch.go:40] Failed to load config from "c:\\Users\\po356\\Desktop\\B-Square\\사이트\\개발\\B-Square_n\\dataconnect": could not find dataconnect.yaml in `c:\Users\po356\Desktop\B-Square\사이트\개발\B-Square_n\dataconnect`
 {"metadata":{"emulator":{"name":"dataconnect"},"message":"E0308 11:26:00.080863   33324 watch.go:40] Failed to load config from \"c:\\\\Users\\\\po356\\\\Desktop\\\\B-Square\\\\사이트\\\\개발\\\\B-Square_n\\\\dataconnect\": could not find dataconnect.yaml in `c:\\Users\\po356\\Desktop\\B-Square\\사이트\\개발\\B-Square_n\\dataconnect`\n"}}
[debug] [2026-03-08T02:26:10.080Z] E0308 11:26:10.080654   33324 watch.go:40] Failed to load config from "c:\\Users\\po356\\Desktop\\B-Square\\사이트\\개발\\B-Square_n\\dataconnect": could not find dataconnect.yaml in `c:\Users\po356\Desktop\B-Square\사이트\개발\B-Square_n\dataconnect`
 {"metadata":{"emulator":{"name":"dataconnect"},"message":"E0308 11:26:10.080654   33324 watch.go:40] Failed to load config from \"c:\\\\Users\\\\po356\\\\Desktop\\\\B-Square\\\\사이트\\\\개발\\\\B-Square_n\\\\dataconnect\": could not find dataconnect.yaml in `c:\\Users\\po356\\Desktop\\B-Square\\사이트\\개발\\B-Square_n\\dataconnect`\n"}}
[debug] [2026-03-08T02:26:20.080Z] E0308 11:26:20.080696   33324 watch.go:40] Failed to load config from "c:\\Users\\po356\\Desktop\\B-Square\\사이트\\개발\\B-Square_n\\dataconnect": could not find dataconnect.yaml in `c:\Users\po356\Desktop\B-Square\사이트\개발\B-Square_n\dataconnect`
 {"metadata":{"emulator":{"name":"dataconnect"},"message":"E0308 11:26:20.080696   33324 watch.go:40] Failed to load config from \"c:\\\\Users\\\\po356\\\\Desktop\\\\B-Square\\\\사이트\\\\개발\\\\B-Square_n\\\\dataconnect\": could not find dataconnect.yaml in `c:\\Users\\po356\\Desktop\\B-Square\\사이트\\개발\\B-Square_n\\dataconnect`\n"}}
[debug] [2026-03-08T02:26:30.080Z] E0308 11:26:30.080667   33324 watch.go:40] Failed to load config from "c:\\Users\\po356\\Desktop\\B-Square\\사이트\\개발\\B-Square_n\\dataconnect": could not find dataconnect.yaml in `c:\Users\po356\Desktop\B-Square\사이트\개발\B-Square_n\dataconnect`
 {"metadata":{"emulator":{"name":"dataconnect"},"message":"E0308 11:26:30.080667   33324 watch.go:40] Failed to load config from \"c:\\\\Users\\\\po356\\\\Desktop\\\\B-Square\\\\사이트\\\\개발\\\\B-Square_n\\\\dataconnect\": could not find dataconnect.yaml in `c:\\Users\\po356\\Desktop\\B-Square\\사이트\\개발\\B-Square_n\\dataconnect`\n"}}
[debug] [2026-03-08T02:26:40.080Z] E0308 11:26:40.080055   33324 watch.go:116] watchAllDir unable to walk dir `c:\Users\po356\Desktop\B-Square\사이트\개발\B-Square_n\dataconnect`: CreateFile c:\Users\po356\Desktop\B-Square\사이트\개발\B-Square_n\dataconnect: The system cannot find the file specified.
 {"metadata":{"emulator":{"name":"dataconnect"},"message":"E0308 11:26:40.080055   33324 watch.go:116] watchAllDir unable to walk dir `c:\\Users\\po356\\Desktop\\B-Square\\사이트\\개발\\B-Square_n\\dataconnect`: CreateFile c:\\Users\\po356\\Desktop\\B-Square\\사이트\\개발\\B-Square_n\\dataconnect: The system cannot find the file specified.\n"}}
[debug] [2026-03-08T02:26:40.080Z] E0308 11:26:40.081181   33324 watch.go:40] Failed to load config from "c:\\Users\\po356\\Desktop\\B-Square\\사이트\\개발\\B-Square_n\\dataconnect": could not find dataconnect.yaml in `c:\Users\po356\Desktop\B-Square\사이트\개발\B-Square_n\dataconnect`
 {"metadata":{"emulator":{"name":"dataconnect"},"message":"E0308 11:26:40.081181   33324 watch.go:40] Failed to load config from \"c:\\\\Users\\\\po356\\\\Desktop\\\\B-Square\\\\사이트\\\\개발\\\\B-Square_n\\\\dataconnect\": could not find dataconnect.yaml in `c:\\Users\\po356\\Desktop\\B-Square\\사이트\\개발\\B-Square_n\\dataconnect`\n"}}
[debug] [2026-03-08T02:26:50.082Z] E0308 11:26:50.081983   33324 watch.go:40] Failed to load config from "c:\\Users\\po356\\Desktop\\B-Square\\사이트\\개발\\B-Square_n\\dataconnect": could not find dataconnect.yaml in `c:\Users\po356\Desktop\B-Square\사이트\개발\B-Square_n\dataconnect`
 {"metadata":{"emulator":{"name":"dataconnect"},"message":"E0308 11:26:50.081983   33324 watch.go:40] Failed to load config from \"c:\\\\Users\\\\po356\\\\Desktop\\\\B-Square\\\\사이트\\\\개발\\\\B-Square_n\\\\dataconnect\": could not find dataconnect.yaml in `c:\\Users\\po356\\Desktop\\B-Square\\사이트\\개발\\B-Square_n\\dataconnect`\n"}}
[debug] [2026-03-08T02:27:00.080Z] E0308 11:27:00.080664   33324 watch.go:40] Failed to load config from "c:\\Users\\po356\\Desktop\\B-Square\\사이트\\개발\\B-Square_n\\dataconnect": could not find dataconnect.yaml in `c:\Users\po356\Desktop\B-Square\사이트\개발\B-Square_n\dataconnect`
 {"metadata":{"emulator":{"name":"dataconnect"},"message":"E0308 11:27:00.080664   33324 watch.go:40] Failed to load config from \"c:\\\\Users\\\\po356\\\\Desktop\\\\B-Square\\\\사이트\\\\개발\\\\B-Square_n\\\\dataconnect\": could not find dataconnect.yaml in `c:\\Users\\po356\\Desktop\\B-Square\\사이트\\개발\\B-Square_n\\dataconnect`\n"}}
[debug] [2026-03-08T02:27:10.080Z] E0308 11:27:10.080563   33324 watch.go:40] Failed to load config from "c:\\Users\\po356\\Desktop\\B-Square\\사이트\\개발\\B-Square_n\\dataconnect": could not find dataconnect.yaml in `c:\Users\po356\Desktop\B-Square\사이트\개발\B-Square_n\dataconnect`
 {"metadata":{"emulator":{"name":"dataconnect"},"message":"E0308 11:27:10.080563   33324 watch.go:40] Failed to load config from \"c:\\\\Users\\\\po356\\\\Desktop\\\\B-Square\\\\사이트\\\\개발\\\\B-Square_n\\\\dataconnect\": could not find dataconnect.yaml in `c:\\Users\\po356\\Desktop\\B-Square\\사이트\\개발\\B-Square_n\\dataconnect`\n"}}
[debug] [2026-03-08T02:27:20.080Z] E0308 11:27:20.080348   33324 watch.go:40] Failed to load config from "c:\\Users\\po356\\Desktop\\B-Square\\사이트\\개발\\B-Square_n\\dataconnect": could not find dataconnect.yaml in `c:\Users\po356\Desktop\B-Square\사이트\개발\B-Square_n\dataconnect`
 {"metadata":{"emulator":{"name":"dataconnect"},"message":"E0308 11:27:20.080348   33324 watch.go:40] Failed to load config from \"c:\\\\Users\\\\po356\\\\Desktop\\\\B-Square\\\\사이트\\\\개발\\\\B-Square_n\\\\dataconnect\": could not find dataconnect.yaml in `c:\\Users\\po356\\Desktop\\B-Square\\사이트\\개발\\B-Square_n\\dataconnect`\n"}}
[debug] [2026-03-08T02:27:30.080Z] E0308 11:27:30.080398   33324 watch.go:40] Failed to load config from "c:\\Users\\po356\\Desktop\\B-Square\\사이트\\개발\\B-Square_n\\dataconnect": could not find dataconnect.yaml in `c:\Users\po356\Desktop\B-Square\사이트\개발\B-Square_n\dataconnect`
 {"metadata":{"emulator":{"name":"dataconnect"},"message":"E0308 11:27:30.080398   33324 watch.go:40] Failed to load config from \"c:\\\\Users\\\\po356\\\\Desktop\\\\B-Square\\\\사이트\\\\개발\\\\B-Square_n\\\\dataconnect\": could not find dataconnect.yaml in `c:\\Users\\po356\\Desktop\\B-Square\\사이트\\개발\\B-Square_n\\dataconnect`\n"}}
[debug] [2026-03-08T02:27:40.080Z] E0308 11:27:40.080038   33324 watch.go:116] watchAllDir unable to walk dir `c:\Users\po356\Desktop\B-Square\사이트\개발\B-Square_n\dataconnect`: CreateFile c:\Users\po356\Desktop\B-Square\사이트\개발\B-Square_n\dataconnect: The system cannot find the file specified.
 {"metadata":{"emulator":{"name":"dataconnect"},"message":"E0308 11:27:40.080038   33324 watch.go:116] watchAllDir unable to walk dir `c:\\Users\\po356\\Desktop\\B-Square\\사이트\\개발\\B-Square_n\\dataconnect`: CreateFile c:\\Users\\po356\\Desktop\\B-Square\\사이트\\개발\\B-Square_n\\dataconnect: The system cannot find the file specified.\n"}}
[debug] [2026-03-08T02:27:40.080Z] E0308 11:27:40.081251   33324 watch.go:40] Failed to load config from "c:\\Users\\po356\\Desktop\\B-Square\\사이트\\개발\\B-Square_n\\dataconnect": could not find dataconnect.yaml in `c:\Users\po356\Desktop\B-Square\사이트\개발\B-Square_n\dataconnect`
 {"metadata":{"emulator":{"name":"dataconnect"},"message":"E0308 11:27:40.081251   33324 watch.go:40] Failed to load config from \"c:\\\\Users\\\\po356\\\\Desktop\\\\B-Square\\\\사이트\\\\개발\\\\B-Square_n\\\\dataconnect\": could not find dataconnect.yaml in `c:\\Users\\po356\\Desktop\\B-Square\\사이트\\개발\\B-Square_n\\dataconnect`\n"}}
[debug] [2026-03-08T02:27:50.081Z] E0308 11:27:50.081520   33324 watch.go:40] Failed to load config from "c:\\Users\\po356\\Desktop\\B-Square\\사이트\\개발\\B-Square_n\\dataconnect": could not find dataconnect.yaml in `c:\Users\po356\Desktop\B-Square\사이트\개발\B-Square_n\dataconnect`
 {"metadata":{"emulator":{"name":"dataconnect"},"message":"E0308 11:27:50.081520   33324 watch.go:40] Failed to load config from \"c:\\\\Users\\\\po356\\\\Desktop\\\\B-Square\\\\사이트\\\\개발\\\\B-Square_n\\\\dataconnect\": could not find dataconnect.yaml in `c:\\Users\\po356\\Desktop\\B-Square\\사이트\\개발\\B-Square_n\\dataconnect`\n"}}
[debug] [2026-03-08T02:28:00.081Z] E0308 11:28:00.080943   33324 watch.go:40] Failed to load config from "c:\\Users\\po356\\Desktop\\B-Square\\사이트\\개발\\B-Square_n\\dataconnect": could not find dataconnect.yaml in `c:\Users\po356\Desktop\B-Square\사이트\개발\B-Square_n\dataconnect`
 {"metadata":{"emulator":{"name":"dataconnect"},"message":"E0308 11:28:00.080943   33324 watch.go:40] Failed to load config from \"c:\\\\Users\\\\po356\\\\Desktop\\\\B-Square\\\\사이트\\\\개발\\\\B-Square_n\\\\dataconnect\": could not find dataconnect.yaml in `c:\\Users\\po356\\Desktop\\B-Square\\사이트\\개발\\B-Square_n\\dataconnect`\n"}}
[debug] [2026-03-08T02:28:10.080Z] E0308 11:28:10.080575   33324 watch.go:40] Failed to load config from "c:\\Users\\po356\\Desktop\\B-Square\\사이트\\개발\\B-Square_n\\dataconnect": could not find dataconnect.yaml in `c:\Users\po356\Desktop\B-Square\사이트\개발\B-Square_n\dataconnect`
 {"metadata":{"emulator":{"name":"dataconnect"},"message":"E0308 11:28:10.080575   33324 watch.go:40] Failed to load config from \"c:\\\\Users\\\\po356\\\\Desktop\\\\B-Square\\\\사이트\\\\개발\\\\B-Square_n\\\\dataconnect\": could not find dataconnect.yaml in `c:\\Users\\po356\\Desktop\\B-Square\\사이트\\개발\\B-Square_n\\dataconnect`\n"}}
[debug] [2026-03-08T02:28:20.080Z] E0308 11:28:20.080692   33324 watch.go:40] Failed to load config from "c:\\Users\\po356\\Desktop\\B-Square\\사이트\\개발\\B-Square_n\\dataconnect": could not find dataconnect.yaml in `c:\Users\po356\Desktop\B-Square\사이트\개발\B-Square_n\dataconnect`
 {"metadata":{"emulator":{"name":"dataconnect"},"message":"E0308 11:28:20.080692   33324 watch.go:40] Failed to load config from \"c:\\\\Users\\\\po356\\\\Desktop\\\\B-Square\\\\사이트\\\\개발\\\\B-Square_n\\\\dataconnect\": could not find dataconnect.yaml in `c:\\Users\\po356\\Desktop\\B-Square\\사이트\\개발\\B-Square_n\\dataconnect`\n"}}
[debug] [2026-03-08T02:28:30.080Z] E0308 11:28:30.080714   33324 watch.go:40] Failed to load config from "c:\\Users\\po356\\Desktop\\B-Square\\사이트\\개발\\B-Square_n\\dataconnect": could not find dataconnect.yaml in `c:\Users\po356\Desktop\B-Square\사이트\개발\B-Square_n\dataconnect`
 {"metadata":{"emulator":{"name":"dataconnect"},"message":"E0308 11:28:30.080714   33324 watch.go:40] Failed to load config from \"c:\\\\Users\\\\po356\\\\Desktop\\\\B-Square\\\\사이트\\\\개발\\\\B-Square_n\\\\dataconnect\": could not find dataconnect.yaml in `c:\\Users\\po356\\Desktop\\B-Square\\사이트\\개발\\B-Square_n\\dataconnect`\n"}}
[debug] [2026-03-08T02:28:40.080Z] E0308 11:28:40.080080   33324 watch.go:116] watchAllDir unable to walk dir `c:\Users\po356\Desktop\B-Square\사이트\개발\B-Square_n\dataconnect`: CreateFile c:\Users\po356\Desktop\B-Square\사이트\개발\B-Square_n\dataconnect: The system cannot find the file specified.
 {"metadata":{"emulator":{"name":"dataconnect"},"message":"E0308 11:28:40.080080   33324 watch.go:116] watchAllDir unable to walk dir `c:\\Users\\po356\\Desktop\\B-Square\\사이트\\개발\\B-Square_n\\dataconnect`: CreateFile c:\\Users\\po356\\Desktop\\B-Square\\사이트\\개발\\B-Square_n\\dataconnect: The system cannot find the file specified.\n"}}
[debug] [2026-03-08T02:28:40.080Z] E0308 11:28:40.080665   33324 watch.go:40] Failed to load config from "c:\\Users\\po356\\Desktop\\B-Square\\사이트\\개발\\B-Square_n\\dataconnect": could not find dataconnect.yaml in `c:\Users\po356\Desktop\B-Square\사이트\개발\B-Square_n\dataconnect`
 {"metadata":{"emulator":{"name":"dataconnect"},"message":"E0308 11:28:40.080665   33324 watch.go:40] Failed to load config from \"c:\\\\Users\\\\po356\\\\Desktop\\\\B-Square\\\\사이트\\\\개발\\\\B-Square_n\\\\dataconnect\": could not find dataconnect.yaml in `c:\\Users\\po356\\Desktop\\B-Square\\사이트\\개발\\B-Square_n\\dataconnect`\n"}}
[debug] [2026-03-08T02:28:50.081Z] E0308 11:28:50.080915   33324 watch.go:40] Failed to load config from "c:\\Users\\po356\\Desktop\\B-Square\\사이트\\개발\\B-Square_n\\dataconnect": could not find dataconnect.yaml in `c:\Users\po356\Desktop\B-Square\사이트\개발\B-Square_n\dataconnect`
 {"metadata":{"emulator":{"name":"dataconnect"},"message":"E0308 11:28:50.080915   33324 watch.go:40] Failed to load config from \"c:\\\\Users\\\\po356\\\\Desktop\\\\B-Square\\\\사이트\\\\개발\\\\B-Square_n\\\\dataconnect\": could not find dataconnect.yaml in `c:\\Users\\po356\\Desktop\\B-Square\\사이트\\개발\\B-Square_n\\dataconnect`\n"}}
[debug] [2026-03-08T02:29:00.080Z] E0308 11:29:00.081211   33324 watch.go:40] Failed to load config from "c:\\Users\\po356\\Desktop\\B-Square\\사이트\\개발\\B-Square_n\\dataconnect": could not find dataconnect.yaml in `c:\Users\po356\Desktop\B-Square\사이트\개발\B-Square_n\dataconnect`
 {"metadata":{"emulator":{"name":"dataconnect"},"message":"E0308 11:29:00.081211   33324 watch.go:40] Failed to load config from \"c:\\\\Users\\\\po356\\\\Desktop\\\\B-Square\\\\사이트\\\\개발\\\\B-Square_n\\\\dataconnect\": could not find dataconnect.yaml in `c:\\Users\\po356\\Desktop\\B-Square\\사이트\\개발\\B-Square_n\\dataconnect`\n"}}
[debug] [2026-03-08T02:29:10.080Z] E0308 11:29:10.080663   33324 watch.go:40] Failed to load config from "c:\\Users\\po356\\Desktop\\B-Square\\사이트\\개발\\B-Square_n\\dataconnect": could not find dataconnect.yaml in `c:\Users\po356\Desktop\B-Square\사이트\개발\B-Square_n\dataconnect`
 {"metadata":{"emulator":{"name":"dataconnect"},"message":"E0308 11:29:10.080663   33324 watch.go:40] Failed to load config from \"c:\\\\Users\\\\po356\\\\Desktop\\\\B-Square\\\\사이트\\\\개발\\\\B-Square_n\\\\dataconnect\": could not find dataconnect.yaml in `c:\\Users\\po356\\Desktop\\B-Square\\사이트\\개발\\B-Square_n\\dataconnect`\n"}}
[debug] [2026-03-08T02:29:20.080Z] E0308 11:29:20.080639   33324 watch.go:40] Failed to load config from "c:\\Users\\po356\\Desktop\\B-Square\\사이트\\개발\\B-Square_n\\dataconnect": could not find dataconnect.yaml in `c:\Users\po356\Desktop\B-Square\사이트\개발\B-Square_n\dataconnect`
 {"metadata":{"emulator":{"name":"dataconnect"},"message":"E0308 11:29:20.080639   33324 watch.go:40] Failed to load config from \"c:\\\\Users\\\\po356\\\\Desktop\\\\B-Square\\\\사이트\\\\개발\\\\B-Square_n\\\\dataconnect\": could not find dataconnect.yaml in `c:\\Users\\po356\\Desktop\\B-Square\\사이트\\개발\\B-Square_n\\dataconnect`\n"}}
[debug] [2026-03-08T02:29:30.080Z] E0308 11:29:30.080795   33324 watch.go:40] Failed to load config from "c:\\Users\\po356\\Desktop\\B-Square\\사이트\\개발\\B-Square_n\\dataconnect": could not find dataconnect.yaml in `c:\Users\po356\Desktop\B-Square\사이트\개발\B-Square_n\dataconnect`
 {"metadata":{"emulator":{"name":"dataconnect"},"message":"E0308 11:29:30.080795   33324 watch.go:40] Failed to load config from \"c:\\\\Users\\\\po356\\\\Desktop\\\\B-Square\\\\사이트\\\\개발\\\\B-Square_n\\\\dataconnect\": could not find dataconnect.yaml in `c:\\Users\\po356\\Desktop\\B-Square\\사이트\\개발\\B-Square_n\\dataconnect`\n"}}
[debug] [2026-03-08T02:29:40.080Z] E0308 11:29:40.080296   33324 watch.go:116] watchAllDir unable to walk dir `c:\Users\po356\Desktop\B-Square\사이트\개발\B-Square_n\dataconnect`: CreateFile c:\Users\po356\Desktop\B-Square\사이트\개발\B-Square_n\dataconnect: The system cannot find the file specified.
 {"metadata":{"emulator":{"name":"dataconnect"},"message":"E0308 11:29:40.080296   33324 watch.go:116] watchAllDir unable to walk dir `c:\\Users\\po356\\Desktop\\B-Square\\사이트\\개발\\B-Square_n\\dataconnect`: CreateFile c:\\Users\\po356\\Desktop\\B-Square\\사이트\\개발\\B-Square_n\\dataconnect: The system cannot find the file specified.\n"}}
[debug] [2026-03-08T02:29:40.080Z] E0308 11:29:40.080894   33324 watch.go:40] Failed to load config from "c:\\Users\\po356\\Desktop\\B-Square\\사이트\\개발\\B-Square_n\\dataconnect": could not find dataconnect.yaml in `c:\Users\po356\Desktop\B-Square\사이트\개발\B-Square_n\dataconnect`
 {"metadata":{"emulator":{"name":"dataconnect"},"message":"E0308 11:29:40.080894   33324 watch.go:40] Failed to load config from \"c:\\\\Users\\\\po356\\\\Desktop\\\\B-Square\\\\사이트\\\\개발\\\\B-Square_n\\\\dataconnect\": could not find dataconnect.yaml in `c:\\Users\\po356\\Desktop\\B-Square\\사이트\\개발\\B-Square_n\\dataconnect`\n"}}
[debug] [2026-03-08T02:29:50.080Z] E0308 11:29:50.080571   33324 watch.go:40] Failed to load config from "c:\\Users\\po356\\Desktop\\B-Square\\사이트\\개발\\B-Square_n\\dataconnect": could not find dataconnect.yaml in `c:\Users\po356\Desktop\B-Square\사이트\개발\B-Square_n\dataconnect`
 {"metadata":{"emulator":{"name":"dataconnect"},"message":"E0308 11:29:50.080571   33324 watch.go:40] Failed to load config from \"c:\\\\Users\\\\po356\\\\Desktop\\\\B-Square\\\\사이트\\\\개발\\\\B-Square_n\\\\dataconnect\": could not find dataconnect.yaml in `c:\\Users\\po356\\Desktop\\B-Square\\사이트\\개발\\B-Square_n\\dataconnect`\n"}}
[debug] [2026-03-08T02:30:00.080Z] E0308 11:30:00.080893   33324 watch.go:40] Failed to load config from "c:\\Users\\po356\\Desktop\\B-Square\\사이트\\개발\\B-Square_n\\dataconnect": could not find dataconnect.yaml in `c:\Users\po356\Desktop\B-Square\사이트\개발\B-Square_n\dataconnect`
 {"metadata":{"emulator":{"name":"dataconnect"},"message":"E0308 11:30:00.080893   33324 watch.go:40] Failed to load config from \"c:\\\\Users\\\\po356\\\\Desktop\\\\B-Square\\\\사이트\\\\개발\\\\B-Square_n\\\\dataconnect\": could not find dataconnect.yaml in `c:\\Users\\po356\\Desktop\\B-Square\\사이트\\개발\\B-Square_n\\dataconnect`\n"}}
[debug] [2026-03-08T02:30:10.080Z] E0308 11:30:10.080547   33324 watch.go:40] Failed to load config from "c:\\Users\\po356\\Desktop\\B-Square\\사이트\\개발\\B-Square_n\\dataconnect": could not find dataconnect.yaml in `c:\Users\po356\Desktop\B-Square\사이트\개발\B-Square_n\dataconnect`
 {"metadata":{"emulator":{"name":"dataconnect"},"message":"E0308 11:30:10.080547   33324 watch.go:40] Failed to load config from \"c:\\\\Users\\\\po356\\\\Desktop\\\\B-Square\\\\사이트\\\\개발\\\\B-Square_n\\\\dataconnect\": could not find dataconnect.yaml in `c:\\Users\\po356\\Desktop\\B-Square\\사이트\\개발\\B-Square_n\\dataconnect`\n"}}
[debug] [2026-03-08T02:30:20.080Z] E0308 11:30:20.080910   33324 watch.go:40] Failed to load config from "c:\\Users\\po356\\Desktop\\B-Square\\사이트\\개발\\B-Square_n\\dataconnect": could not find dataconnect.yaml in `c:\Users\po356\Desktop\B-Square\사이트\개발\B-Square_n\dataconnect`
 {"metadata":{"emulator":{"name":"dataconnect"},"message":"E0308 11:30:20.080910   33324 watch.go:40] Failed to load config from \"c:\\\\Users\\\\po356\\\\Desktop\\\\B-Square\\\\사이트\\\\개발\\\\B-Square_n\\\\dataconnect\": could not find dataconnect.yaml in `c:\\Users\\po356\\Desktop\\B-Square\\사이트\\개발\\B-Square_n\\dataconnect`\n"}}
[debug] [2026-03-08T02:30:30.080Z] E0308 11:30:30.080707   33324 watch.go:40] Failed to load config from "c:\\Users\\po356\\Desktop\\B-Square\\사이트\\개발\\B-Square_n\\dataconnect": could not find dataconnect.yaml in `c:\Users\po356\Desktop\B-Square\사이트\개발\B-Square_n\dataconnect`
 {"metadata":{"emulator":{"name":"dataconnect"},"message":"E0308 11:30:30.080707   33324 watch.go:40] Failed to load config from \"c:\\\\Users\\\\po356\\\\Desktop\\\\B-Square\\\\사이트\\\\개발\\\\B-Square_n\\\\dataconnect\": could not find dataconnect.yaml in `c:\\Users\\po356\\Desktop\\B-Square\\사이트\\개발\\B-Square_n\\dataconnect`\n"}}
[debug] [2026-03-08T02:30:40.079Z] E0308 11:30:40.079783   33324 watch.go:116] watchAllDir unable to walk dir `c:\Users\po356\Desktop\B-Square\사이트\개발\B-Square_n\dataconnect`: CreateFile c:\Users\po356\Desktop\B-Square\사이트\개발\B-Square_n\dataconnect: The system cannot find the file specified.
 {"metadata":{"emulator":{"name":"dataconnect"},"message":"E0308 11:30:40.079783   33324 watch.go:116] watchAllDir unable to walk dir `c:\\Users\\po356\\Desktop\\B-Square\\사이트\\개발\\B-Square_n\\dataconnect`: CreateFile c:\\Users\\po356\\Desktop\\B-Square\\사이트\\개발\\B-Square_n\\dataconnect: The system cannot find the file specified.\n"}}
[debug] [2026-03-08T02:30:40.080Z] E0308 11:30:40.080363   33324 watch.go:40] Failed to load config from "c:\\Users\\po356\\Desktop\\B-Square\\사이트\\개발\\B-Square_n\\dataconnect": could not find dataconnect.yaml in `c:\Users\po356\Desktop\B-Square\사이트\개발\B-Square_n\dataconnect`
 {"metadata":{"emulator":{"name":"dataconnect"},"message":"E0308 11:30:40.080363   33324 watch.go:40] Failed to load config from \"c:\\\\Users\\\\po356\\\\Desktop\\\\B-Square\\\\사이트\\\\개발\\\\B-Square_n\\\\dataconnect\": could not find dataconnect.yaml in `c:\\Users\\po356\\Desktop\\B-Square\\사이트\\개발\\B-Square_n\\dataconnect`\n"}}
[debug] [2026-03-08T02:30:50.080Z] E0308 11:30:50.080638   33324 watch.go:40] Failed to load config from "c:\\Users\\po356\\Desktop\\B-Square\\사이트\\개발\\B-Square_n\\dataconnect": could not find dataconnect.yaml in `c:\Users\po356\Desktop\B-Square\사이트\개발\B-Square_n\dataconnect`
 {"metadata":{"emulator":{"name":"dataconnect"},"message":"E0308 11:30:50.080638   33324 watch.go:40] Failed to load config from \"c:\\\\Users\\\\po356\\\\Desktop\\\\B-Square\\\\사이트\\\\개발\\\\B-Square_n\\\\dataconnect\": could not find dataconnect.yaml in `c:\\Users\\po356\\Desktop\\B-Square\\사이트\\개발\\B-Square_n\\dataconnect`\n"}}
[debug] [2026-03-08T02:31:00.081Z] E0308 11:31:00.080882   33324 watch.go:40] Failed to load config from "c:\\Users\\po356\\Desktop\\B-Square\\사이트\\개발\\B-Square_n\\dataconnect": could not find dataconnect.yaml in `c:\Users\po356\Desktop\B-Square\사이트\개발\B-Square_n\dataconnect`
 {"metadata":{"emulator":{"name":"dataconnect"},"message":"E0308 11:31:00.080882   33324 watch.go:40] Failed to load config from \"c:\\\\Users\\\\po356\\\\Desktop\\\\B-Square\\\\사이트\\\\개발\\\\B-Square_n\\\\dataconnect\": could not find dataconnect.yaml in `c:\\Users\\po356\\Desktop\\B-Square\\사이트\\개발\\B-Square_n\\dataconnect`\n"}}
[debug] [2026-03-08T02:31:10.080Z] E0308 11:31:10.080712   33324 watch.go:40] Failed to load config from "c:\\Users\\po356\\Desktop\\B-Square\\사이트\\개발\\B-Square_n\\dataconnect": could not find dataconnect.yaml in `c:\Users\po356\Desktop\B-Square\사이트\개발\B-Square_n\dataconnect`
 {"metadata":{"emulator":{"name":"dataconnect"},"message":"E0308 11:31:10.080712   33324 watch.go:40] Failed to load config from \"c:\\\\Users\\\\po356\\\\Desktop\\\\B-Square\\\\사이트\\\\개발\\\\B-Square_n\\\\dataconnect\": could not find dataconnect.yaml in `c:\\Users\\po356\\Desktop\\B-Square\\사이트\\개발\\B-Square_n\\dataconnect`\n"}}
[debug] [2026-03-08T02:31:20.080Z] E0308 11:31:20.080414   33324 watch.go:40] Failed to load config from "c:\\Users\\po356\\Desktop\\B-Square\\사이트\\개발\\B-Square_n\\dataconnect": could not find dataconnect.yaml in `c:\Users\po356\Desktop\B-Square\사이트\개발\B-Square_n\dataconnect`
 {"metadata":{"emulator":{"name":"dataconnect"},"message":"E0308 11:31:20.080414   33324 watch.go:40] Failed to load config from \"c:\\\\Users\\\\po356\\\\Desktop\\\\B-Square\\\\사이트\\\\개발\\\\B-Square_n\\\\dataconnect\": could not find dataconnect.yaml in `c:\\Users\\po356\\Desktop\\B-Square\\사이트\\개발\\B-Square_n\\dataconnect`\n"}}
